{
    "test_cellrangeratac_count -- stub": {
        "content": [
            {
                "0": [
                    [
                        {
                            "id": "test",
                            "single_end": false,
                            "samples": [
                                "test_scATAC"
                            ]
                        },
                        "fake_file.txt:md5,d41d8cd98f00b204e9800998ecf8427e"
                    ]
                ],
                "1": [
                    "versions.yml:md5,c1bfc1ffa907f0ebf8008514ff65d242"
                ],
                "outs": [
                    [
                        {
                            "id": "test",
                            "single_end": false,
                            "samples": [
                                "test_scATAC"
                            ]
                        },
                        "fake_file.txt:md5,d41d8cd98f00b204e9800998ecf8427e"
                    ]
                ],
                "versions": [
                    "versions.yml:md5,c1bfc1ffa907f0ebf8008514ff65d242"
                ]
            },
            [
                {
                    "CELLRANGERATAC_COUNT": {
                        "cellrangeratac": "2.1.0"
                    }
                }
            ]
        ],
        "meta": {
            "nf-test": "0.9.2",
            "nextflow": "24.10.6"
        },
        "timestamp": "2025-05-06T08:43:16.526068784"
    },
    "test_cellrangeratac_count": {
        "content": [
            {
                "0": [
                    
                ],
                "1": [
                    
                ],
                "outs": [
                    
                ],
                "versions": [
                    
                ]
            }
        ],
        "meta": {
            "nf-test": "0.9.2",
            "nextflow": "24.10.6"
        },
        "timestamp": "2025-05-06T08:43:00.498515017"
    }
}